// Jest Snapshot v1, https://goo.gl/fbAQLP

exports[`todo Duck Tests Action Generator addTodo should match the snapshot 1`] = `
Object {
  "id": 0,
  "text": "mockValue",
  "type": "modules/todo-app/ADD_TODO",
}
`;

exports[`todo Duck Tests Action Generator clearTodo should match the snapshot 1`] = `
Object {
  "type": "modules/todo-app/CLEAR_TODO",
}
`;

exports[`todo Duck Tests Action Generator massAdd should match the snapshot 1`] = `
Object {
  "data": Array [
    Object {
      "mockVariable": "mockValue",
    },
  ],
  "type": "modules/todo-app/MASS_ADD",
}
`;

exports[`todo Duck Tests Action Generator toggleTodo should match the snapshot 1`] = `
Object {
  "id": "mockValue",
  "type": "modules/todo-app/TOGGLE_TODO",
}
`;
