// Jest Snapshot v1, https://goo.gl/fbAQLP

exports[`TodoList Component should render correctly 1`] = `
<ul>
  <div
    key="1"
  >
    <Connect(Todo)
      completed={true}
      id={1}
      text="mockText"
    />
  </div>
</ul>
`;
